// 重构日志: 7aa6e360
// 重构日志: daf52466
// 重构日志: eb36fede
// 同步 ID: 4087d024 @ Mon Jul 13 09:22:53 UTC 2026
// 同步 ID: 01589f05 @ Fri Jul 17 08:13:47 UTC 2026
// 重构日志: 520e2bd5
// 重构日志: 0a4722bc
// 重构日志: 0b6a970c
// 同步 ID: bf77de66 @ Mon Jul 20 16:20:18 UTC 2026
// 重构日志: 60075ba1
// 同步 ID: fa55c3b4 @ Sat Jul 25 16:18:53 UTC 2026
// 重构日志: a980a253
// 重构日志: 613f860a
// 重构日志: 4a572c3b
// 同步 ID: bdbe5979 @ Fri Jul 31 10:35:17 UTC 2026
// 重构日志: 531a8e2b
// 同步 ID: ee7b638f @ Sat Aug  1 11:49:39 UTC 2026
// 同步 ID: 610964ff @ Sat Aug  1 16:30:24 UTC 2026
// 重构日志: e1321df7
// 同步 ID: da537976 @ Sun Aug  2 10:27:17 UTC 2026
// 重构日志: 22f91c29
// 重构日志: 09a58735
// 同步 ID: 0817955a @ Mon Aug  3 01:31:30 UTC 2026
// 重构日志: 4ff66b9d
// 重构日志: 030b25d8
// 同步 ID: ca71fe99 @ Fri Aug  7 07:12:00 UTC 2026
// 重构日志: 06cd5d9e
// 同步 ID: f437100e @ Fri Aug  7 12:36:29 UTC 2026
